--------------------------------------------------------------------------------
Release 14.7 Trace  (lin64)
Copyright (c) 1995-2013 Xilinx, Inc.  All rights reserved.

/opt/Xilinx/14.7/ISE_DS/ISE/bin/lin64/unwrapped/trce -intstyle ise -v 3 -tsi
fixed_mul.tsi -s 2 -n 3 -fastpaths -xml fixed_mul.twx fixed_mul.ncd -o
fixed_mul.twr fixed_mul.pcf

Design file:              fixed_mul.ncd
Physical constraint file: fixed_mul.pcf
Device,package,speed:     xc5vlx50t,ff1136,-2 (PRODUCTION 1.73 2013-10-13, STEPPING level 0)
Report level:             verbose report

Environment Variable      Effect 
--------------------      ------ 
NONE                      No environment variables were set
--------------------------------------------------------------------------------

INFO:Timing:2698 - No timing constraints found, doing default enumeration.
INFO:Timing:3412 - To improve timing, see the Timing Closure User Guide (UG612).
INFO:Timing:2752 - To get complete path coverage, use the unconstrained paths 
   option. All paths that are not constrained will be reported in the 
   unconstrained paths section(s) of the report.
INFO:Timing:3339 - The clock-to-out numbers in this timing report are based on 
   a 50 Ohm transmission line loading model.  For the details of this model, 
   and for more information on accounting for different loading conditions, 
   please see the device datasheet.



Data Sheet report:
-----------------
All values displayed in nanoseconds (ns)

Pad to Pad
---------------+---------------+---------+
Source Pad     |Destination Pad|  Delay  |
---------------+---------------+---------+
a<0>           |r<0>           |   18.182|
a<0>           |r<1>           |   18.175|
a<0>           |r<2>           |   18.177|
a<0>           |r<3>           |   18.166|
a<0>           |r<4>           |   18.133|
a<0>           |r<5>           |   18.124|
a<0>           |r<6>           |   18.137|
a<0>           |r<7>           |   18.142|
a<0>           |r<8>           |   18.163|
a<0>           |r<9>           |   18.164|
a<0>           |r<10>          |   18.021|
a<0>           |r<11>          |   18.028|
a<0>           |r<12>          |   18.285|
a<0>           |r<13>          |   18.299|
a<0>           |r<14>          |   18.301|
a<0>           |r<15>          |   18.286|
a<0>           |r<16>          |   18.412|
a<0>           |r<17>          |   18.425|
a<0>           |r<18>          |   18.263|
a<0>           |r<19>          |   18.264|
a<0>           |r<20>          |   18.110|
a<0>           |r<21>          |   18.121|
a<0>           |r<22>          |   17.984|
a<0>           |r<23>          |   17.976|
a<0>           |r<24>          |   17.507|
a<0>           |r<25>          |   19.671|
a<0>           |r<26>          |   17.499|
a<0>           |r<27>          |   17.510|
a<0>           |r<28>          |   17.632|
a<0>           |r<29>          |   19.720|
a<0>           |r<30>          |   18.548|
a<0>           |r<31>          |   17.090|
a<1>           |r<0>           |   17.906|
a<1>           |r<1>           |   17.899|
a<1>           |r<2>           |   17.901|
a<1>           |r<3>           |   17.890|
a<1>           |r<4>           |   17.857|
a<1>           |r<5>           |   17.848|
a<1>           |r<6>           |   17.861|
a<1>           |r<7>           |   17.866|
a<1>           |r<8>           |   17.887|
a<1>           |r<9>           |   17.888|
a<1>           |r<10>          |   17.745|
a<1>           |r<11>          |   17.752|
a<1>           |r<12>          |   18.009|
a<1>           |r<13>          |   18.023|
a<1>           |r<14>          |   18.025|
a<1>           |r<15>          |   18.010|
a<1>           |r<16>          |   18.136|
a<1>           |r<17>          |   18.149|
a<1>           |r<18>          |   17.987|
a<1>           |r<19>          |   17.988|
a<1>           |r<20>          |   17.834|
a<1>           |r<21>          |   17.845|
a<1>           |r<22>          |   17.708|
a<1>           |r<23>          |   17.700|
a<1>           |r<24>          |   17.231|
a<1>           |r<25>          |   19.395|
a<1>           |r<26>          |   17.223|
a<1>           |r<27>          |   17.234|
a<1>           |r<28>          |   17.356|
a<1>           |r<29>          |   19.444|
a<1>           |r<30>          |   18.272|
a<1>           |r<31>          |   16.814|
a<2>           |r<0>           |   18.263|
a<2>           |r<1>           |   18.256|
a<2>           |r<2>           |   18.258|
a<2>           |r<3>           |   18.247|
a<2>           |r<4>           |   18.214|
a<2>           |r<5>           |   18.205|
a<2>           |r<6>           |   18.218|
a<2>           |r<7>           |   18.223|
a<2>           |r<8>           |   18.244|
a<2>           |r<9>           |   18.245|
a<2>           |r<10>          |   18.102|
a<2>           |r<11>          |   18.109|
a<2>           |r<12>          |   18.366|
a<2>           |r<13>          |   18.380|
a<2>           |r<14>          |   18.382|
a<2>           |r<15>          |   18.367|
a<2>           |r<16>          |   18.493|
a<2>           |r<17>          |   18.506|
a<2>           |r<18>          |   18.344|
a<2>           |r<19>          |   18.345|
a<2>           |r<20>          |   18.191|
a<2>           |r<21>          |   18.202|
a<2>           |r<22>          |   18.065|
a<2>           |r<23>          |   18.057|
a<2>           |r<24>          |   17.588|
a<2>           |r<25>          |   19.752|
a<2>           |r<26>          |   17.580|
a<2>           |r<27>          |   17.591|
a<2>           |r<28>          |   17.713|
a<2>           |r<29>          |   19.801|
a<2>           |r<30>          |   18.629|
a<2>           |r<31>          |   17.171|
a<3>           |r<0>           |   17.852|
a<3>           |r<1>           |   17.845|
a<3>           |r<2>           |   17.847|
a<3>           |r<3>           |   17.836|
a<3>           |r<4>           |   17.803|
a<3>           |r<5>           |   17.794|
a<3>           |r<6>           |   17.807|
a<3>           |r<7>           |   17.812|
a<3>           |r<8>           |   17.833|
a<3>           |r<9>           |   17.834|
a<3>           |r<10>          |   17.691|
a<3>           |r<11>          |   17.698|
a<3>           |r<12>          |   17.955|
a<3>           |r<13>          |   17.969|
a<3>           |r<14>          |   17.971|
a<3>           |r<15>          |   17.956|
a<3>           |r<16>          |   18.082|
a<3>           |r<17>          |   18.095|
a<3>           |r<18>          |   17.933|
a<3>           |r<19>          |   17.934|
a<3>           |r<20>          |   17.780|
a<3>           |r<21>          |   17.791|
a<3>           |r<22>          |   17.654|
a<3>           |r<23>          |   17.646|
a<3>           |r<24>          |   17.177|
a<3>           |r<25>          |   19.341|
a<3>           |r<26>          |   17.169|
a<3>           |r<27>          |   17.180|
a<3>           |r<28>          |   17.302|
a<3>           |r<29>          |   19.390|
a<3>           |r<30>          |   18.218|
a<3>           |r<31>          |   16.760|
a<4>           |r<0>           |   17.730|
a<4>           |r<1>           |   17.723|
a<4>           |r<2>           |   17.725|
a<4>           |r<3>           |   17.714|
a<4>           |r<4>           |   17.681|
a<4>           |r<5>           |   17.672|
a<4>           |r<6>           |   17.685|
a<4>           |r<7>           |   17.690|
a<4>           |r<8>           |   17.711|
a<4>           |r<9>           |   17.712|
a<4>           |r<10>          |   17.569|
a<4>           |r<11>          |   17.576|
a<4>           |r<12>          |   17.833|
a<4>           |r<13>          |   17.847|
a<4>           |r<14>          |   17.849|
a<4>           |r<15>          |   17.834|
a<4>           |r<16>          |   17.960|
a<4>           |r<17>          |   17.973|
a<4>           |r<18>          |   17.811|
a<4>           |r<19>          |   17.812|
a<4>           |r<20>          |   17.658|
a<4>           |r<21>          |   17.669|
a<4>           |r<22>          |   17.532|
a<4>           |r<23>          |   17.524|
a<4>           |r<24>          |   17.055|
a<4>           |r<25>          |   19.219|
a<4>           |r<26>          |   17.047|
a<4>           |r<27>          |   17.058|
a<4>           |r<28>          |   17.180|
a<4>           |r<29>          |   19.268|
a<4>           |r<30>          |   18.096|
a<4>           |r<31>          |   16.638|
a<5>           |r<0>           |   17.621|
a<5>           |r<1>           |   17.614|
a<5>           |r<2>           |   17.616|
a<5>           |r<3>           |   17.605|
a<5>           |r<4>           |   17.572|
a<5>           |r<5>           |   17.563|
a<5>           |r<6>           |   17.576|
a<5>           |r<7>           |   17.581|
a<5>           |r<8>           |   17.602|
a<5>           |r<9>           |   17.603|
a<5>           |r<10>          |   17.460|
a<5>           |r<11>          |   17.467|
a<5>           |r<12>          |   17.724|
a<5>           |r<13>          |   17.738|
a<5>           |r<14>          |   17.740|
a<5>           |r<15>          |   17.725|
a<5>           |r<16>          |   17.851|
a<5>           |r<17>          |   17.864|
a<5>           |r<18>          |   17.702|
a<5>           |r<19>          |   17.703|
a<5>           |r<20>          |   17.549|
a<5>           |r<21>          |   17.560|
a<5>           |r<22>          |   17.423|
a<5>           |r<23>          |   17.415|
a<5>           |r<24>          |   16.946|
a<5>           |r<25>          |   19.110|
a<5>           |r<26>          |   16.938|
a<5>           |r<27>          |   16.949|
a<5>           |r<28>          |   17.071|
a<5>           |r<29>          |   19.159|
a<5>           |r<30>          |   17.987|
a<5>           |r<31>          |   16.529|
a<6>           |r<0>           |   18.120|
a<6>           |r<1>           |   18.113|
a<6>           |r<2>           |   18.115|
a<6>           |r<3>           |   18.104|
a<6>           |r<4>           |   18.071|
a<6>           |r<5>           |   18.062|
a<6>           |r<6>           |   18.075|
a<6>           |r<7>           |   18.080|
a<6>           |r<8>           |   18.101|
a<6>           |r<9>           |   18.102|
a<6>           |r<10>          |   17.959|
a<6>           |r<11>          |   17.966|
a<6>           |r<12>          |   18.223|
a<6>           |r<13>          |   18.237|
a<6>           |r<14>          |   18.239|
a<6>           |r<15>          |   18.224|
a<6>           |r<16>          |   18.350|
a<6>           |r<17>          |   18.363|
a<6>           |r<18>          |   18.201|
a<6>           |r<19>          |   18.202|
a<6>           |r<20>          |   18.048|
a<6>           |r<21>          |   18.059|
a<6>           |r<22>          |   17.922|
a<6>           |r<23>          |   17.914|
a<6>           |r<24>          |   17.445|
a<6>           |r<25>          |   19.609|
a<6>           |r<26>          |   17.437|
a<6>           |r<27>          |   17.448|
a<6>           |r<28>          |   17.570|
a<6>           |r<29>          |   19.658|
a<6>           |r<30>          |   18.486|
a<6>           |r<31>          |   17.028|
a<7>           |r<0>           |   17.582|
a<7>           |r<1>           |   17.575|
a<7>           |r<2>           |   17.577|
a<7>           |r<3>           |   17.566|
a<7>           |r<4>           |   17.533|
a<7>           |r<5>           |   17.524|
a<7>           |r<6>           |   17.537|
a<7>           |r<7>           |   17.542|
a<7>           |r<8>           |   17.563|
a<7>           |r<9>           |   17.564|
a<7>           |r<10>          |   17.421|
a<7>           |r<11>          |   17.428|
a<7>           |r<12>          |   17.685|
a<7>           |r<13>          |   17.699|
a<7>           |r<14>          |   17.701|
a<7>           |r<15>          |   17.686|
a<7>           |r<16>          |   17.812|
a<7>           |r<17>          |   17.825|
a<7>           |r<18>          |   17.663|
a<7>           |r<19>          |   17.664|
a<7>           |r<20>          |   17.510|
a<7>           |r<21>          |   17.521|
a<7>           |r<22>          |   17.384|
a<7>           |r<23>          |   17.376|
a<7>           |r<24>          |   16.907|
a<7>           |r<25>          |   19.071|
a<7>           |r<26>          |   16.899|
a<7>           |r<27>          |   16.910|
a<7>           |r<28>          |   17.032|
a<7>           |r<29>          |   19.120|
a<7>           |r<30>          |   17.948|
a<7>           |r<31>          |   16.490|
a<8>           |r<0>           |   17.844|
a<8>           |r<1>           |   17.837|
a<8>           |r<2>           |   17.839|
a<8>           |r<3>           |   17.828|
a<8>           |r<4>           |   17.795|
a<8>           |r<5>           |   17.786|
a<8>           |r<6>           |   17.799|
a<8>           |r<7>           |   17.804|
a<8>           |r<8>           |   17.825|
a<8>           |r<9>           |   17.826|
a<8>           |r<10>          |   17.683|
a<8>           |r<11>          |   17.690|
a<8>           |r<12>          |   17.947|
a<8>           |r<13>          |   17.961|
a<8>           |r<14>          |   17.963|
a<8>           |r<15>          |   17.948|
a<8>           |r<16>          |   18.074|
a<8>           |r<17>          |   18.087|
a<8>           |r<18>          |   17.925|
a<8>           |r<19>          |   17.926|
a<8>           |r<20>          |   17.772|
a<8>           |r<21>          |   17.783|
a<8>           |r<22>          |   17.646|
a<8>           |r<23>          |   17.638|
a<8>           |r<24>          |   17.169|
a<8>           |r<25>          |   19.333|
a<8>           |r<26>          |   17.161|
a<8>           |r<27>          |   17.172|
a<8>           |r<28>          |   17.294|
a<8>           |r<29>          |   19.382|
a<8>           |r<30>          |   18.210|
a<8>           |r<31>          |   16.752|
a<9>           |r<0>           |   17.943|
a<9>           |r<1>           |   17.936|
a<9>           |r<2>           |   17.938|
a<9>           |r<3>           |   17.927|
a<9>           |r<4>           |   17.894|
a<9>           |r<5>           |   17.885|
a<9>           |r<6>           |   17.898|
a<9>           |r<7>           |   17.903|
a<9>           |r<8>           |   17.924|
a<9>           |r<9>           |   17.925|
a<9>           |r<10>          |   17.782|
a<9>           |r<11>          |   17.789|
a<9>           |r<12>          |   18.046|
a<9>           |r<13>          |   18.060|
a<9>           |r<14>          |   18.062|
a<9>           |r<15>          |   18.047|
a<9>           |r<16>          |   18.173|
a<9>           |r<17>          |   18.186|
a<9>           |r<18>          |   18.024|
a<9>           |r<19>          |   18.025|
a<9>           |r<20>          |   17.871|
a<9>           |r<21>          |   17.882|
a<9>           |r<22>          |   17.745|
a<9>           |r<23>          |   17.737|
a<9>           |r<24>          |   17.268|
a<9>           |r<25>          |   19.432|
a<9>           |r<26>          |   17.260|
a<9>           |r<27>          |   17.271|
a<9>           |r<28>          |   17.393|
a<9>           |r<29>          |   19.481|
a<9>           |r<30>          |   18.309|
a<9>           |r<31>          |   16.851|
a<10>          |r<0>           |   18.047|
a<10>          |r<1>           |   18.040|
a<10>          |r<2>           |   18.042|
a<10>          |r<3>           |   18.031|
a<10>          |r<4>           |   17.998|
a<10>          |r<5>           |   17.989|
a<10>          |r<6>           |   18.002|
a<10>          |r<7>           |   18.007|
a<10>          |r<8>           |   18.028|
a<10>          |r<9>           |   18.029|
a<10>          |r<10>          |   17.886|
a<10>          |r<11>          |   17.893|
a<10>          |r<12>          |   18.150|
a<10>          |r<13>          |   18.164|
a<10>          |r<14>          |   18.166|
a<10>          |r<15>          |   18.151|
a<10>          |r<16>          |   18.277|
a<10>          |r<17>          |   18.290|
a<10>          |r<18>          |   18.128|
a<10>          |r<19>          |   18.129|
a<10>          |r<20>          |   17.975|
a<10>          |r<21>          |   17.986|
a<10>          |r<22>          |   17.849|
a<10>          |r<23>          |   17.841|
a<10>          |r<24>          |   17.372|
a<10>          |r<25>          |   19.536|
a<10>          |r<26>          |   17.364|
a<10>          |r<27>          |   17.375|
a<10>          |r<28>          |   17.497|
a<10>          |r<29>          |   19.585|
a<10>          |r<30>          |   18.413|
a<10>          |r<31>          |   16.955|
a<11>          |r<0>           |   17.769|
a<11>          |r<1>           |   17.762|
a<11>          |r<2>           |   17.764|
a<11>          |r<3>           |   17.753|
a<11>          |r<4>           |   17.720|
a<11>          |r<5>           |   17.711|
a<11>          |r<6>           |   17.724|
a<11>          |r<7>           |   17.729|
a<11>          |r<8>           |   17.750|
a<11>          |r<9>           |   17.751|
a<11>          |r<10>          |   17.608|
a<11>          |r<11>          |   17.615|
a<11>          |r<12>          |   17.872|
a<11>          |r<13>          |   17.886|
a<11>          |r<14>          |   17.888|
a<11>          |r<15>          |   17.873|
a<11>          |r<16>          |   17.999|
a<11>          |r<17>          |   18.012|
a<11>          |r<18>          |   17.850|
a<11>          |r<19>          |   17.851|
a<11>          |r<20>          |   17.697|
a<11>          |r<21>          |   17.708|
a<11>          |r<22>          |   17.571|
a<11>          |r<23>          |   17.563|
a<11>          |r<24>          |   17.094|
a<11>          |r<25>          |   19.258|
a<11>          |r<26>          |   17.086|
a<11>          |r<27>          |   17.097|
a<11>          |r<28>          |   17.219|
a<11>          |r<29>          |   19.307|
a<11>          |r<30>          |   18.135|
a<11>          |r<31>          |   16.677|
a<12>          |r<0>           |   17.965|
a<12>          |r<1>           |   17.958|
a<12>          |r<2>           |   17.960|
a<12>          |r<3>           |   17.949|
a<12>          |r<4>           |   17.916|
a<12>          |r<5>           |   17.907|
a<12>          |r<6>           |   17.920|
a<12>          |r<7>           |   17.925|
a<12>          |r<8>           |   17.946|
a<12>          |r<9>           |   17.947|
a<12>          |r<10>          |   17.804|
a<12>          |r<11>          |   17.811|
a<12>          |r<12>          |   18.068|
a<12>          |r<13>          |   18.082|
a<12>          |r<14>          |   18.084|
a<12>          |r<15>          |   18.069|
a<12>          |r<16>          |   18.195|
a<12>          |r<17>          |   18.208|
a<12>          |r<18>          |   18.046|
a<12>          |r<19>          |   18.047|
a<12>          |r<20>          |   17.893|
a<12>          |r<21>          |   17.904|
a<12>          |r<22>          |   17.767|
a<12>          |r<23>          |   17.759|
a<12>          |r<24>          |   17.290|
a<12>          |r<25>          |   19.454|
a<12>          |r<26>          |   17.282|
a<12>          |r<27>          |   17.293|
a<12>          |r<28>          |   17.415|
a<12>          |r<29>          |   19.503|
a<12>          |r<30>          |   18.331|
a<12>          |r<31>          |   16.873|
a<13>          |r<0>           |   17.775|
a<13>          |r<1>           |   17.768|
a<13>          |r<2>           |   17.770|
a<13>          |r<3>           |   17.759|
a<13>          |r<4>           |   17.726|
a<13>          |r<5>           |   17.717|
a<13>          |r<6>           |   17.730|
a<13>          |r<7>           |   17.735|
a<13>          |r<8>           |   17.756|
a<13>          |r<9>           |   17.757|
a<13>          |r<10>          |   17.614|
a<13>          |r<11>          |   17.621|
a<13>          |r<12>          |   17.878|
a<13>          |r<13>          |   17.892|
a<13>          |r<14>          |   17.894|
a<13>          |r<15>          |   17.879|
a<13>          |r<16>          |   18.005|
a<13>          |r<17>          |   18.018|
a<13>          |r<18>          |   17.856|
a<13>          |r<19>          |   17.857|
a<13>          |r<20>          |   17.703|
a<13>          |r<21>          |   17.714|
a<13>          |r<22>          |   17.577|
a<13>          |r<23>          |   17.569|
a<13>          |r<24>          |   17.100|
a<13>          |r<25>          |   19.264|
a<13>          |r<26>          |   17.092|
a<13>          |r<27>          |   17.103|
a<13>          |r<28>          |   17.225|
a<13>          |r<29>          |   19.313|
a<13>          |r<30>          |   18.141|
a<13>          |r<31>          |   16.683|
a<14>          |r<0>           |   17.812|
a<14>          |r<1>           |   17.805|
a<14>          |r<2>           |   17.807|
a<14>          |r<3>           |   17.796|
a<14>          |r<4>           |   17.763|
a<14>          |r<5>           |   17.754|
a<14>          |r<6>           |   17.767|
a<14>          |r<7>           |   17.772|
a<14>          |r<8>           |   17.793|
a<14>          |r<9>           |   17.794|
a<14>          |r<10>          |   17.651|
a<14>          |r<11>          |   17.658|
a<14>          |r<12>          |   17.915|
a<14>          |r<13>          |   17.929|
a<14>          |r<14>          |   17.931|
a<14>          |r<15>          |   17.916|
a<14>          |r<16>          |   18.042|
a<14>          |r<17>          |   18.055|
a<14>          |r<18>          |   17.893|
a<14>          |r<19>          |   17.894|
a<14>          |r<20>          |   17.740|
a<14>          |r<21>          |   17.751|
a<14>          |r<22>          |   17.614|
a<14>          |r<23>          |   17.606|
a<14>          |r<24>          |   17.137|
a<14>          |r<25>          |   19.301|
a<14>          |r<26>          |   17.129|
a<14>          |r<27>          |   17.140|
a<14>          |r<28>          |   17.262|
a<14>          |r<29>          |   19.350|
a<14>          |r<30>          |   18.178|
a<14>          |r<31>          |   16.720|
a<15>          |r<0>           |   17.971|
a<15>          |r<1>           |   17.964|
a<15>          |r<2>           |   17.966|
a<15>          |r<3>           |   17.955|
a<15>          |r<4>           |   17.922|
a<15>          |r<5>           |   17.913|
a<15>          |r<6>           |   17.926|
a<15>          |r<7>           |   17.931|
a<15>          |r<8>           |   17.952|
a<15>          |r<9>           |   17.953|
a<15>          |r<10>          |   17.810|
a<15>          |r<11>          |   17.817|
a<15>          |r<12>          |   18.074|
a<15>          |r<13>          |   18.088|
a<15>          |r<14>          |   18.090|
a<15>          |r<15>          |   18.075|
a<15>          |r<16>          |   18.201|
a<15>          |r<17>          |   18.214|
a<15>          |r<18>          |   18.052|
a<15>          |r<19>          |   18.053|
a<15>          |r<20>          |   17.899|
a<15>          |r<21>          |   17.910|
a<15>          |r<22>          |   17.773|
a<15>          |r<23>          |   17.765|
a<15>          |r<24>          |   17.296|
a<15>          |r<25>          |   19.460|
a<15>          |r<26>          |   17.288|
a<15>          |r<27>          |   17.299|
a<15>          |r<28>          |   17.421|
a<15>          |r<29>          |   19.509|
a<15>          |r<30>          |   18.337|
a<15>          |r<31>          |   16.879|
a<16>          |r<0>           |   18.086|
a<16>          |r<1>           |   18.079|
a<16>          |r<2>           |   18.081|
a<16>          |r<3>           |   18.070|
a<16>          |r<4>           |   18.037|
a<16>          |r<5>           |   18.028|
a<16>          |r<6>           |   18.041|
a<16>          |r<7>           |   18.046|
a<16>          |r<8>           |   18.067|
a<16>          |r<9>           |   18.068|
a<16>          |r<10>          |   17.925|
a<16>          |r<11>          |   17.932|
a<16>          |r<12>          |   18.189|
a<16>          |r<13>          |   18.203|
a<16>          |r<14>          |   18.205|
a<16>          |r<15>          |   18.190|
a<16>          |r<16>          |   18.316|
a<16>          |r<17>          |   18.329|
a<16>          |r<18>          |   18.167|
a<16>          |r<19>          |   18.168|
a<16>          |r<20>          |   18.014|
a<16>          |r<21>          |   18.025|
a<16>          |r<22>          |   17.888|
a<16>          |r<23>          |   17.880|
a<16>          |r<24>          |   17.411|
a<16>          |r<25>          |   19.575|
a<16>          |r<26>          |   17.403|
a<16>          |r<27>          |   17.414|
a<16>          |r<28>          |   17.536|
a<16>          |r<29>          |   19.624|
a<16>          |r<30>          |   18.452|
a<16>          |r<31>          |   16.994|
a<17>          |r<0>           |   16.162|
a<17>          |r<1>           |   16.155|
a<17>          |r<2>           |   16.157|
a<17>          |r<3>           |   16.146|
a<17>          |r<4>           |   16.113|
a<17>          |r<5>           |   16.104|
a<17>          |r<6>           |   16.117|
a<17>          |r<7>           |   16.122|
a<17>          |r<8>           |   16.143|
a<17>          |r<9>           |   16.144|
a<17>          |r<10>          |   16.001|
a<17>          |r<11>          |   16.008|
a<17>          |r<12>          |   16.265|
a<17>          |r<13>          |   16.279|
a<17>          |r<14>          |   16.281|
a<17>          |r<15>          |   16.266|
a<17>          |r<16>          |   16.392|
a<17>          |r<17>          |   16.405|
a<17>          |r<18>          |   16.243|
a<17>          |r<19>          |   16.244|
a<17>          |r<20>          |   16.090|
a<17>          |r<21>          |   16.101|
a<17>          |r<22>          |   15.964|
a<17>          |r<23>          |   15.956|
a<17>          |r<24>          |   15.487|
a<17>          |r<25>          |   17.651|
a<17>          |r<26>          |   15.479|
a<17>          |r<27>          |   15.490|
a<17>          |r<28>          |   15.612|
a<17>          |r<29>          |   17.700|
a<17>          |r<30>          |   16.528|
a<17>          |r<31>          |   15.070|
a<18>          |r<0>           |   16.233|
a<18>          |r<1>           |   16.226|
a<18>          |r<2>           |   16.228|
a<18>          |r<3>           |   16.217|
a<18>          |r<4>           |   16.184|
a<18>          |r<5>           |   16.175|
a<18>          |r<6>           |   16.188|
a<18>          |r<7>           |   16.193|
a<18>          |r<8>           |   16.214|
a<18>          |r<9>           |   16.215|
a<18>          |r<10>          |   16.072|
a<18>          |r<11>          |   16.079|
a<18>          |r<12>          |   16.336|
a<18>          |r<13>          |   16.350|
a<18>          |r<14>          |   16.352|
a<18>          |r<15>          |   16.337|
a<18>          |r<16>          |   16.463|
a<18>          |r<17>          |   16.476|
a<18>          |r<18>          |   16.314|
a<18>          |r<19>          |   16.315|
a<18>          |r<20>          |   16.161|
a<18>          |r<21>          |   16.172|
a<18>          |r<22>          |   16.035|
a<18>          |r<23>          |   16.027|
a<18>          |r<24>          |   15.558|
a<18>          |r<25>          |   17.722|
a<18>          |r<26>          |   15.550|
a<18>          |r<27>          |   15.561|
a<18>          |r<28>          |   15.683|
a<18>          |r<29>          |   17.771|
a<18>          |r<30>          |   16.599|
a<18>          |r<31>          |   15.141|
a<19>          |r<0>           |   16.243|
a<19>          |r<1>           |   16.236|
a<19>          |r<2>           |   16.238|
a<19>          |r<3>           |   16.227|
a<19>          |r<4>           |   16.194|
a<19>          |r<5>           |   16.185|
a<19>          |r<6>           |   16.198|
a<19>          |r<7>           |   16.203|
a<19>          |r<8>           |   16.224|
a<19>          |r<9>           |   16.225|
a<19>          |r<10>          |   16.082|
a<19>          |r<11>          |   16.089|
a<19>          |r<12>          |   16.346|
a<19>          |r<13>          |   16.360|
a<19>          |r<14>          |   16.362|
a<19>          |r<15>          |   16.347|
a<19>          |r<16>          |   16.473|
a<19>          |r<17>          |   16.486|
a<19>          |r<18>          |   16.324|
a<19>          |r<19>          |   16.325|
a<19>          |r<20>          |   16.171|
a<19>          |r<21>          |   16.182|
a<19>          |r<22>          |   16.045|
a<19>          |r<23>          |   16.037|
a<19>          |r<24>          |   15.568|
a<19>          |r<25>          |   17.732|
a<19>          |r<26>          |   15.560|
a<19>          |r<27>          |   15.571|
a<19>          |r<28>          |   15.693|
a<19>          |r<29>          |   17.781|
a<19>          |r<30>          |   16.609|
a<19>          |r<31>          |   15.151|
a<20>          |r<0>           |   16.783|
a<20>          |r<1>           |   16.776|
a<20>          |r<2>           |   16.778|
a<20>          |r<3>           |   16.767|
a<20>          |r<4>           |   16.734|
a<20>          |r<5>           |   16.725|
a<20>          |r<6>           |   16.738|
a<20>          |r<7>           |   16.743|
a<20>          |r<8>           |   16.764|
a<20>          |r<9>           |   16.765|
a<20>          |r<10>          |   16.622|
a<20>          |r<11>          |   16.629|
a<20>          |r<12>          |   16.886|
a<20>          |r<13>          |   16.900|
a<20>          |r<14>          |   16.902|
a<20>          |r<15>          |   16.887|
a<20>          |r<16>          |   17.013|
a<20>          |r<17>          |   17.026|
a<20>          |r<18>          |   16.864|
a<20>          |r<19>          |   16.865|
a<20>          |r<20>          |   16.711|
a<20>          |r<21>          |   16.722|
a<20>          |r<22>          |   16.585|
a<20>          |r<23>          |   16.577|
a<20>          |r<24>          |   16.108|
a<20>          |r<25>          |   18.272|
a<20>          |r<26>          |   16.100|
a<20>          |r<27>          |   16.111|
a<20>          |r<28>          |   16.233|
a<20>          |r<29>          |   18.321|
a<20>          |r<30>          |   17.149|
a<20>          |r<31>          |   15.691|
a<21>          |r<0>           |   16.263|
a<21>          |r<1>           |   16.256|
a<21>          |r<2>           |   16.258|
a<21>          |r<3>           |   16.247|
a<21>          |r<4>           |   16.214|
a<21>          |r<5>           |   16.205|
a<21>          |r<6>           |   16.218|
a<21>          |r<7>           |   16.223|
a<21>          |r<8>           |   16.244|
a<21>          |r<9>           |   16.245|
a<21>          |r<10>          |   16.102|
a<21>          |r<11>          |   16.109|
a<21>          |r<12>          |   16.366|
a<21>          |r<13>          |   16.380|
a<21>          |r<14>          |   16.382|
a<21>          |r<15>          |   16.367|
a<21>          |r<16>          |   16.493|
a<21>          |r<17>          |   16.506|
a<21>          |r<18>          |   16.344|
a<21>          |r<19>          |   16.345|
a<21>          |r<20>          |   16.191|
a<21>          |r<21>          |   16.202|
a<21>          |r<22>          |   16.065|
a<21>          |r<23>          |   16.057|
a<21>          |r<24>          |   15.588|
a<21>          |r<25>          |   17.752|
a<21>          |r<26>          |   15.580|
a<21>          |r<27>          |   15.591|
a<21>          |r<28>          |   15.713|
a<21>          |r<29>          |   17.801|
a<21>          |r<30>          |   16.629|
a<21>          |r<31>          |   15.171|
a<22>          |r<0>           |   16.239|
a<22>          |r<1>           |   16.232|
a<22>          |r<2>           |   16.234|
a<22>          |r<3>           |   16.223|
a<22>          |r<4>           |   16.190|
a<22>          |r<5>           |   16.181|
a<22>          |r<6>           |   16.194|
a<22>          |r<7>           |   16.199|
a<22>          |r<8>           |   16.220|
a<22>          |r<9>           |   16.221|
a<22>          |r<10>          |   16.078|
a<22>          |r<11>          |   16.085|
a<22>          |r<12>          |   16.342|
a<22>          |r<13>          |   16.356|
a<22>          |r<14>          |   16.358|
a<22>          |r<15>          |   16.343|
a<22>          |r<16>          |   16.469|
a<22>          |r<17>          |   16.482|
a<22>          |r<18>          |   16.320|
a<22>          |r<19>          |   16.321|
a<22>          |r<20>          |   16.167|
a<22>          |r<21>          |   16.178|
a<22>          |r<22>          |   16.041|
a<22>          |r<23>          |   16.033|
a<22>          |r<24>          |   15.564|
a<22>          |r<25>          |   17.728|
a<22>          |r<26>          |   15.556|
a<22>          |r<27>          |   15.567|
a<22>          |r<28>          |   15.689|
a<22>          |r<29>          |   17.777|
a<22>          |r<30>          |   16.605|
a<22>          |r<31>          |   15.147|
a<23>          |r<0>           |   16.222|
a<23>          |r<1>           |   16.215|
a<23>          |r<2>           |   16.217|
a<23>          |r<3>           |   16.206|
a<23>          |r<4>           |   16.173|
a<23>          |r<5>           |   16.164|
a<23>          |r<6>           |   16.177|
a<23>          |r<7>           |   16.182|
a<23>          |r<8>           |   16.203|
a<23>          |r<9>           |   16.204|
a<23>          |r<10>          |   16.061|
a<23>          |r<11>          |   16.068|
a<23>          |r<12>          |   16.325|
a<23>          |r<13>          |   16.339|
a<23>          |r<14>          |   16.341|
a<23>          |r<15>          |   16.326|
a<23>          |r<16>          |   16.452|
a<23>          |r<17>          |   16.465|
a<23>          |r<18>          |   16.303|
a<23>          |r<19>          |   16.304|
a<23>          |r<20>          |   16.150|
a<23>          |r<21>          |   16.161|
a<23>          |r<22>          |   16.024|
a<23>          |r<23>          |   16.016|
a<23>          |r<24>          |   15.547|
a<23>          |r<25>          |   17.711|
a<23>          |r<26>          |   15.539|
a<23>          |r<27>          |   15.550|
a<23>          |r<28>          |   15.672|
a<23>          |r<29>          |   17.760|
a<23>          |r<30>          |   16.588|
a<23>          |r<31>          |   15.130|
a<24>          |r<0>           |   16.231|
a<24>          |r<1>           |   16.224|
a<24>          |r<2>           |   16.226|
a<24>          |r<3>           |   16.215|
a<24>          |r<4>           |   16.182|
a<24>          |r<5>           |   16.173|
a<24>          |r<6>           |   16.186|
a<24>          |r<7>           |   16.191|
a<24>          |r<8>           |   16.212|
a<24>          |r<9>           |   16.213|
a<24>          |r<10>          |   16.070|
a<24>          |r<11>          |   16.077|
a<24>          |r<12>          |   16.334|
a<24>          |r<13>          |   16.348|
a<24>          |r<14>          |   16.350|
a<24>          |r<15>          |   16.335|
a<24>          |r<16>          |   16.461|
a<24>          |r<17>          |   16.474|
a<24>          |r<18>          |   16.312|
a<24>          |r<19>          |   16.313|
a<24>          |r<20>          |   16.159|
a<24>          |r<21>          |   16.170|
a<24>          |r<22>          |   16.033|
a<24>          |r<23>          |   16.025|
a<24>          |r<24>          |   15.556|
a<24>          |r<25>          |   17.720|
a<24>          |r<26>          |   15.548|
a<24>          |r<27>          |   15.559|
a<24>          |r<28>          |   15.681|
a<24>          |r<29>          |   17.769|
a<24>          |r<30>          |   16.597|
a<24>          |r<31>          |   15.139|
a<25>          |r<0>           |   16.617|
a<25>          |r<1>           |   16.610|
a<25>          |r<2>           |   16.612|
a<25>          |r<3>           |   16.601|
a<25>          |r<4>           |   16.568|
a<25>          |r<5>           |   16.559|
a<25>          |r<6>           |   16.572|
a<25>          |r<7>           |   16.577|
a<25>          |r<8>           |   16.598|
a<25>          |r<9>           |   16.599|
a<25>          |r<10>          |   16.456|
a<25>          |r<11>          |   16.463|
a<25>          |r<12>          |   16.720|
a<25>          |r<13>          |   16.734|
a<25>          |r<14>          |   16.736|
a<25>          |r<15>          |   16.721|
a<25>          |r<16>          |   16.847|
a<25>          |r<17>          |   16.860|
a<25>          |r<18>          |   16.698|
a<25>          |r<19>          |   16.699|
a<25>          |r<20>          |   16.545|
a<25>          |r<21>          |   16.556|
a<25>          |r<22>          |   16.419|
a<25>          |r<23>          |   16.411|
a<25>          |r<24>          |   15.942|
a<25>          |r<25>          |   18.106|
a<25>          |r<26>          |   15.934|
a<25>          |r<27>          |   15.945|
a<25>          |r<28>          |   16.067|
a<25>          |r<29>          |   18.155|
a<25>          |r<30>          |   16.983|
a<25>          |r<31>          |   15.525|
a<26>          |r<0>           |   16.384|
a<26>          |r<1>           |   16.377|
a<26>          |r<2>           |   16.379|
a<26>          |r<3>           |   16.368|
a<26>          |r<4>           |   16.335|
a<26>          |r<5>           |   16.326|
a<26>          |r<6>           |   16.339|
a<26>          |r<7>           |   16.344|
a<26>          |r<8>           |   16.365|
a<26>          |r<9>           |   16.366|
a<26>          |r<10>          |   16.223|
a<26>          |r<11>          |   16.230|
a<26>          |r<12>          |   16.487|
a<26>          |r<13>          |   16.501|
a<26>          |r<14>          |   16.503|
a<26>          |r<15>          |   16.488|
a<26>          |r<16>          |   16.614|
a<26>          |r<17>          |   16.627|
a<26>          |r<18>          |   16.465|
a<26>          |r<19>          |   16.466|
a<26>          |r<20>          |   16.312|
a<26>          |r<21>          |   16.323|
a<26>          |r<22>          |   16.186|
a<26>          |r<23>          |   16.178|
a<26>          |r<24>          |   15.709|
a<26>          |r<25>          |   17.873|
a<26>          |r<26>          |   15.701|
a<26>          |r<27>          |   15.712|
a<26>          |r<28>          |   15.834|
a<26>          |r<29>          |   17.922|
a<26>          |r<30>          |   16.750|
a<26>          |r<31>          |   15.292|
a<27>          |r<0>           |   16.479|
a<27>          |r<1>           |   16.472|
a<27>          |r<2>           |   16.474|
a<27>          |r<3>           |   16.463|
a<27>          |r<4>           |   16.430|
a<27>          |r<5>           |   16.421|
a<27>          |r<6>           |   16.434|
a<27>          |r<7>           |   16.439|
a<27>          |r<8>           |   16.460|
a<27>          |r<9>           |   16.461|
a<27>          |r<10>          |   16.318|
a<27>          |r<11>          |   16.325|
a<27>          |r<12>          |   16.582|
a<27>          |r<13>          |   16.596|
a<27>          |r<14>          |   16.598|
a<27>          |r<15>          |   16.583|
a<27>          |r<16>          |   16.709|
a<27>          |r<17>          |   16.722|
a<27>          |r<18>          |   16.560|
a<27>          |r<19>          |   16.561|
a<27>          |r<20>          |   16.407|
a<27>          |r<21>          |   16.418|
a<27>          |r<22>          |   16.281|
a<27>          |r<23>          |   16.273|
a<27>          |r<24>          |   15.804|
a<27>          |r<25>          |   17.968|
a<27>          |r<26>          |   15.796|
a<27>          |r<27>          |   15.807|
a<27>          |r<28>          |   15.929|
a<27>          |r<29>          |   18.017|
a<27>          |r<30>          |   16.845|
a<27>          |r<31>          |   15.387|
a<28>          |r<0>           |   16.225|
a<28>          |r<1>           |   16.218|
a<28>          |r<2>           |   16.220|
a<28>          |r<3>           |   16.209|
a<28>          |r<4>           |   16.176|
a<28>          |r<5>           |   16.167|
a<28>          |r<6>           |   16.180|
a<28>          |r<7>           |   16.185|
a<28>          |r<8>           |   16.206|
a<28>          |r<9>           |   16.207|
a<28>          |r<10>          |   16.064|
a<28>          |r<11>          |   16.071|
a<28>          |r<12>          |   16.328|
a<28>          |r<13>          |   16.342|
a<28>          |r<14>          |   16.344|
a<28>          |r<15>          |   16.329|
a<28>          |r<16>          |   16.455|
a<28>          |r<17>          |   16.468|
a<28>          |r<18>          |   16.306|
a<28>          |r<19>          |   16.307|
a<28>          |r<20>          |   16.153|
a<28>          |r<21>          |   16.164|
a<28>          |r<22>          |   16.027|
a<28>          |r<23>          |   16.019|
a<28>          |r<24>          |   15.550|
a<28>          |r<25>          |   17.714|
a<28>          |r<26>          |   15.542|
a<28>          |r<27>          |   15.553|
a<28>          |r<28>          |   15.675|
a<28>          |r<29>          |   17.763|
a<28>          |r<30>          |   16.591|
a<28>          |r<31>          |   15.133|
a<29>          |r<0>           |   16.068|
a<29>          |r<1>           |   16.061|
a<29>          |r<2>           |   16.063|
a<29>          |r<3>           |   16.052|
a<29>          |r<4>           |   16.019|
a<29>          |r<5>           |   16.010|
a<29>          |r<6>           |   16.023|
a<29>          |r<7>           |   16.028|
a<29>          |r<8>           |   16.049|
a<29>          |r<9>           |   16.050|
a<29>          |r<10>          |   15.907|
a<29>          |r<11>          |   15.914|
a<29>          |r<12>          |   16.171|
a<29>          |r<13>          |   16.185|
a<29>          |r<14>          |   16.187|
a<29>          |r<15>          |   16.172|
a<29>          |r<16>          |   16.298|
a<29>          |r<17>          |   16.311|
a<29>          |r<18>          |   16.149|
a<29>          |r<19>          |   16.150|
a<29>          |r<20>          |   15.996|
a<29>          |r<21>          |   16.007|
a<29>          |r<22>          |   15.870|
a<29>          |r<23>          |   15.862|
a<29>          |r<24>          |   15.393|
a<29>          |r<25>          |   17.557|
a<29>          |r<26>          |   15.385|
a<29>          |r<27>          |   15.396|
a<29>          |r<28>          |   15.518|
a<29>          |r<29>          |   17.606|
a<29>          |r<30>          |   16.434|
a<29>          |r<31>          |   14.976|
a<30>          |r<0>           |   16.574|
a<30>          |r<1>           |   16.567|
a<30>          |r<2>           |   16.569|
a<30>          |r<3>           |   16.558|
a<30>          |r<4>           |   16.525|
a<30>          |r<5>           |   16.516|
a<30>          |r<6>           |   16.529|
a<30>          |r<7>           |   16.534|
a<30>          |r<8>           |   16.555|
a<30>          |r<9>           |   16.556|
a<30>          |r<10>          |   16.413|
a<30>          |r<11>          |   16.420|
a<30>          |r<12>          |   16.677|
a<30>          |r<13>          |   16.691|
a<30>          |r<14>          |   16.693|
a<30>          |r<15>          |   16.678|
a<30>          |r<16>          |   16.804|
a<30>          |r<17>          |   16.817|
a<30>          |r<18>          |   16.655|
a<30>          |r<19>          |   16.656|
a<30>          |r<20>          |   16.502|
a<30>          |r<21>          |   16.513|
a<30>          |r<22>          |   16.376|
a<30>          |r<23>          |   16.368|
a<30>          |r<24>          |   15.899|
a<30>          |r<25>          |   18.063|
a<30>          |r<26>          |   15.891|
a<30>          |r<27>          |   15.902|
a<30>          |r<28>          |   16.024|
a<30>          |r<29>          |   18.112|
a<30>          |r<30>          |   16.940|
a<30>          |r<31>          |   15.482|
a<31>          |r<0>           |   16.628|
a<31>          |r<1>           |   16.621|
a<31>          |r<2>           |   16.623|
a<31>          |r<3>           |   16.612|
a<31>          |r<4>           |   16.579|
a<31>          |r<5>           |   16.570|
a<31>          |r<6>           |   16.583|
a<31>          |r<7>           |   16.588|
a<31>          |r<8>           |   16.609|
a<31>          |r<9>           |   16.610|
a<31>          |r<10>          |   16.467|
a<31>          |r<11>          |   16.474|
a<31>          |r<12>          |   16.731|
a<31>          |r<13>          |   16.745|
a<31>          |r<14>          |   16.747|
a<31>          |r<15>          |   16.732|
a<31>          |r<16>          |   16.858|
a<31>          |r<17>          |   16.871|
a<31>          |r<18>          |   16.709|
a<31>          |r<19>          |   16.710|
a<31>          |r<20>          |   16.556|
a<31>          |r<21>          |   16.567|
a<31>          |r<22>          |   16.430|
a<31>          |r<23>          |   16.422|
a<31>          |r<24>          |   15.953|
a<31>          |r<25>          |   18.117|
a<31>          |r<26>          |   15.945|
a<31>          |r<27>          |   15.956|
a<31>          |r<28>          |   16.078|
a<31>          |r<29>          |   18.166|
a<31>          |r<30>          |   16.994|
a<31>          |r<31>          |   15.536|
b<0>           |r<0>           |   17.653|
b<0>           |r<1>           |   17.646|
b<0>           |r<2>           |   17.648|
b<0>           |r<3>           |   17.637|
b<0>           |r<4>           |   17.604|
b<0>           |r<5>           |   17.595|
b<0>           |r<6>           |   17.608|
b<0>           |r<7>           |   17.613|
b<0>           |r<8>           |   17.634|
b<0>           |r<9>           |   17.635|
b<0>           |r<10>          |   17.492|
b<0>           |r<11>          |   17.499|
b<0>           |r<12>          |   17.756|
b<0>           |r<13>          |   17.770|
b<0>           |r<14>          |   17.772|
b<0>           |r<15>          |   17.757|
b<0>           |r<16>          |   17.883|
b<0>           |r<17>          |   17.896|
b<0>           |r<18>          |   17.734|
b<0>           |r<19>          |   17.735|
b<0>           |r<20>          |   17.581|
b<0>           |r<21>          |   17.592|
b<0>           |r<22>          |   17.455|
b<0>           |r<23>          |   17.447|
b<0>           |r<24>          |   16.978|
b<0>           |r<25>          |   19.142|
b<0>           |r<26>          |   16.970|
b<0>           |r<27>          |   16.981|
b<0>           |r<28>          |   17.103|
b<0>           |r<29>          |   19.191|
b<0>           |r<30>          |   18.019|
b<0>           |r<31>          |   16.561|
b<1>           |r<0>           |   17.895|
b<1>           |r<1>           |   17.888|
b<1>           |r<2>           |   17.890|
b<1>           |r<3>           |   17.879|
b<1>           |r<4>           |   17.846|
b<1>           |r<5>           |   17.837|
b<1>           |r<6>           |   17.850|
b<1>           |r<7>           |   17.855|
b<1>           |r<8>           |   17.876|
b<1>           |r<9>           |   17.877|
b<1>           |r<10>          |   17.734|
b<1>           |r<11>          |   17.741|
b<1>           |r<12>          |   17.998|
b<1>           |r<13>          |   18.012|
b<1>           |r<14>          |   18.014|
b<1>           |r<15>          |   17.999|
b<1>           |r<16>          |   18.125|
b<1>           |r<17>          |   18.138|
b<1>           |r<18>          |   17.976|
b<1>           |r<19>          |   17.977|
b<1>           |r<20>          |   17.823|
b<1>           |r<21>          |   17.834|
b<1>           |r<22>          |   17.697|
b<1>           |r<23>          |   17.689|
b<1>           |r<24>          |   17.220|
b<1>           |r<25>          |   19.384|
b<1>           |r<26>          |   17.212|
b<1>           |r<27>          |   17.223|
b<1>           |r<28>          |   17.345|
b<1>           |r<29>          |   19.433|
b<1>           |r<30>          |   18.261|
b<1>           |r<31>          |   16.803|
b<2>           |r<0>           |   17.693|
b<2>           |r<1>           |   17.686|
b<2>           |r<2>           |   17.688|
b<2>           |r<3>           |   17.677|
b<2>           |r<4>           |   17.644|
b<2>           |r<5>           |   17.635|
b<2>           |r<6>           |   17.648|
b<2>           |r<7>           |   17.653|
b<2>           |r<8>           |   17.674|
b<2>           |r<9>           |   17.675|
b<2>           |r<10>          |   17.532|
b<2>           |r<11>          |   17.539|
b<2>           |r<12>          |   17.796|
b<2>           |r<13>          |   17.810|
b<2>           |r<14>          |   17.812|
b<2>           |r<15>          |   17.797|
b<2>           |r<16>          |   17.923|
b<2>           |r<17>          |   17.936|
b<2>           |r<18>          |   17.774|
b<2>           |r<19>          |   17.775|
b<2>           |r<20>          |   17.621|
b<2>           |r<21>          |   17.632|
b<2>           |r<22>          |   17.495|
b<2>           |r<23>          |   17.487|
b<2>           |r<24>          |   17.018|
b<2>           |r<25>          |   19.182|
b<2>           |r<26>          |   17.010|
b<2>           |r<27>          |   17.021|
b<2>           |r<28>          |   17.143|
b<2>           |r<29>          |   19.231|
b<2>           |r<30>          |   18.059|
b<2>           |r<31>          |   16.601|
b<3>           |r<0>           |   17.655|
b<3>           |r<1>           |   17.648|
b<3>           |r<2>           |   17.650|
b<3>           |r<3>           |   17.639|
b<3>           |r<4>           |   17.606|
b<3>           |r<5>           |   17.597|
b<3>           |r<6>           |   17.610|
b<3>           |r<7>           |   17.615|
b<3>           |r<8>           |   17.636|
b<3>           |r<9>           |   17.637|
b<3>           |r<10>          |   17.494|
b<3>           |r<11>          |   17.501|
b<3>           |r<12>          |   17.758|
b<3>           |r<13>          |   17.772|
b<3>           |r<14>          |   17.774|
b<3>           |r<15>          |   17.759|
b<3>           |r<16>          |   17.885|
b<3>           |r<17>          |   17.898|
b<3>           |r<18>          |   17.736|
b<3>           |r<19>          |   17.737|
b<3>           |r<20>          |   17.583|
b<3>           |r<21>          |   17.594|
b<3>           |r<22>          |   17.457|
b<3>           |r<23>          |   17.449|
b<3>           |r<24>          |   16.980|
b<3>           |r<25>          |   19.144|
b<3>           |r<26>          |   16.972|
b<3>           |r<27>          |   16.983|
b<3>           |r<28>          |   17.105|
b<3>           |r<29>          |   19.193|
b<3>           |r<30>          |   18.021|
b<3>           |r<31>          |   16.563|
b<4>           |r<0>           |   17.705|
b<4>           |r<1>           |   17.698|
b<4>           |r<2>           |   17.700|
b<4>           |r<3>           |   17.689|
b<4>           |r<4>           |   17.656|
b<4>           |r<5>           |   17.647|
b<4>           |r<6>           |   17.660|
b<4>           |r<7>           |   17.665|
b<4>           |r<8>           |   17.686|
b<4>           |r<9>           |   17.687|
b<4>           |r<10>          |   17.544|
b<4>           |r<11>          |   17.551|
b<4>           |r<12>          |   17.808|
b<4>           |r<13>          |   17.822|
b<4>           |r<14>          |   17.824|
b<4>           |r<15>          |   17.809|
b<4>           |r<16>          |   17.935|
b<4>           |r<17>          |   17.948|
b<4>           |r<18>          |   17.786|
b<4>           |r<19>          |   17.787|
b<4>           |r<20>          |   17.633|
b<4>           |r<21>          |   17.644|
b<4>           |r<22>          |   17.507|
b<4>           |r<23>          |   17.499|
b<4>           |r<24>          |   17.030|
b<4>           |r<25>          |   19.194|
b<4>           |r<26>          |   17.022|
b<4>           |r<27>          |   17.033|
b<4>           |r<28>          |   17.155|
b<4>           |r<29>          |   19.243|
b<4>           |r<30>          |   18.071|
b<4>           |r<31>          |   16.613|
b<5>           |r<0>           |   17.810|
b<5>           |r<1>           |   17.803|
b<5>           |r<2>           |   17.805|
b<5>           |r<3>           |   17.794|
b<5>           |r<4>           |   17.761|
b<5>           |r<5>           |   17.752|
b<5>           |r<6>           |   17.765|
b<5>           |r<7>           |   17.770|
b<5>           |r<8>           |   17.791|
b<5>           |r<9>           |   17.792|
b<5>           |r<10>          |   17.649|
b<5>           |r<11>          |   17.656|
b<5>           |r<12>          |   17.913|
b<5>           |r<13>          |   17.927|
b<5>           |r<14>          |   17.929|
b<5>           |r<15>          |   17.914|
b<5>           |r<16>          |   18.040|
b<5>           |r<17>          |   18.053|
b<5>           |r<18>          |   17.891|
b<5>           |r<19>          |   17.892|
b<5>           |r<20>          |   17.738|
b<5>           |r<21>          |   17.749|
b<5>           |r<22>          |   17.612|
b<5>           |r<23>          |   17.604|
b<5>           |r<24>          |   17.135|
b<5>           |r<25>          |   19.299|
b<5>           |r<26>          |   17.127|
b<5>           |r<27>          |   17.138|
b<5>           |r<28>          |   17.260|
b<5>           |r<29>          |   19.348|
b<5>           |r<30>          |   18.176|
b<5>           |r<31>          |   16.718|
b<6>           |r<0>           |   17.711|
b<6>           |r<1>           |   17.704|
b<6>           |r<2>           |   17.706|
b<6>           |r<3>           |   17.695|
b<6>           |r<4>           |   17.662|
b<6>           |r<5>           |   17.653|
b<6>           |r<6>           |   17.666|
b<6>           |r<7>           |   17.671|
b<6>           |r<8>           |   17.692|
b<6>           |r<9>           |   17.693|
b<6>           |r<10>          |   17.550|
b<6>           |r<11>          |   17.557|
b<6>           |r<12>          |   17.814|
b<6>           |r<13>          |   17.828|
b<6>           |r<14>          |   17.830|
b<6>           |r<15>          |   17.815|
b<6>           |r<16>          |   17.941|
b<6>           |r<17>          |   17.954|
b<6>           |r<18>          |   17.792|
b<6>           |r<19>          |   17.793|
b<6>           |r<20>          |   17.639|
b<6>           |r<21>          |   17.650|
b<6>           |r<22>          |   17.513|
b<6>           |r<23>          |   17.505|
b<6>           |r<24>          |   17.036|
b<6>           |r<25>          |   19.200|
b<6>           |r<26>          |   17.028|
b<6>           |r<27>          |   17.039|
b<6>           |r<28>          |   17.161|
b<6>           |r<29>          |   19.249|
b<6>           |r<30>          |   18.077|
b<6>           |r<31>          |   16.619|
b<7>           |r<0>           |   17.803|
b<7>           |r<1>           |   17.796|
b<7>           |r<2>           |   17.798|
b<7>           |r<3>           |   17.787|
b<7>           |r<4>           |   17.754|
b<7>           |r<5>           |   17.745|
b<7>           |r<6>           |   17.758|
b<7>           |r<7>           |   17.763|
b<7>           |r<8>           |   17.784|
b<7>           |r<9>           |   17.785|
b<7>           |r<10>          |   17.642|
b<7>           |r<11>          |   17.649|
b<7>           |r<12>          |   17.906|
b<7>           |r<13>          |   17.920|
b<7>           |r<14>          |   17.922|
b<7>           |r<15>          |   17.907|
b<7>           |r<16>          |   18.033|
b<7>           |r<17>          |   18.046|
b<7>           |r<18>          |   17.884|
b<7>           |r<19>          |   17.885|
b<7>           |r<20>          |   17.731|
b<7>           |r<21>          |   17.742|
b<7>           |r<22>          |   17.605|
b<7>           |r<23>          |   17.597|
b<7>           |r<24>          |   17.128|
b<7>           |r<25>          |   19.292|
b<7>           |r<26>          |   17.120|
b<7>           |r<27>          |   17.131|
b<7>           |r<28>          |   17.253|
b<7>           |r<29>          |   19.341|
b<7>           |r<30>          |   18.169|
b<7>           |r<31>          |   16.711|
b<8>           |r<0>           |   17.568|
b<8>           |r<1>           |   17.561|
b<8>           |r<2>           |   17.563|
b<8>           |r<3>           |   17.552|
b<8>           |r<4>           |   17.519|
b<8>           |r<5>           |   17.510|
b<8>           |r<6>           |   17.523|
b<8>           |r<7>           |   17.528|
b<8>           |r<8>           |   17.549|
b<8>           |r<9>           |   17.550|
b<8>           |r<10>          |   17.407|
b<8>           |r<11>          |   17.414|
b<8>           |r<12>          |   17.671|
b<8>           |r<13>          |   17.685|
b<8>           |r<14>          |   17.687|
b<8>           |r<15>          |   17.672|
b<8>           |r<16>          |   17.798|
b<8>           |r<17>          |   17.811|
b<8>           |r<18>          |   17.649|
b<8>           |r<19>          |   17.650|
b<8>           |r<20>          |   17.496|
b<8>           |r<21>          |   17.507|
b<8>           |r<22>          |   17.370|
b<8>           |r<23>          |   17.362|
b<8>           |r<24>          |   16.893|
b<8>           |r<25>          |   19.057|
b<8>           |r<26>          |   16.885|
b<8>           |r<27>          |   16.896|
b<8>           |r<28>          |   17.018|
b<8>           |r<29>          |   19.106|
b<8>           |r<30>          |   17.934|
b<8>           |r<31>          |   16.476|
b<9>           |r<0>           |   17.708|
b<9>           |r<1>           |   17.701|
b<9>           |r<2>           |   17.703|
b<9>           |r<3>           |   17.692|
b<9>           |r<4>           |   17.659|
b<9>           |r<5>           |   17.650|
b<9>           |r<6>           |   17.663|
b<9>           |r<7>           |   17.668|
b<9>           |r<8>           |   17.689|
b<9>           |r<9>           |   17.690|
b<9>           |r<10>          |   17.547|
b<9>           |r<11>          |   17.554|
b<9>           |r<12>          |   17.811|
b<9>           |r<13>          |   17.825|
b<9>           |r<14>          |   17.827|
b<9>           |r<15>          |   17.812|
b<9>           |r<16>          |   17.938|
b<9>           |r<17>          |   17.951|
b<9>           |r<18>          |   17.789|
b<9>           |r<19>          |   17.790|
b<9>           |r<20>          |   17.636|
b<9>           |r<21>          |   17.647|
b<9>           |r<22>          |   17.510|
b<9>           |r<23>          |   17.502|
b<9>           |r<24>          |   17.033|
b<9>           |r<25>          |   19.197|
b<9>           |r<26>          |   17.025|
b<9>           |r<27>          |   17.036|
b<9>           |r<28>          |   17.158|
b<9>           |r<29>          |   19.246|
b<9>           |r<30>          |   18.074|
b<9>           |r<31>          |   16.616|
b<10>          |r<0>           |   17.464|
b<10>          |r<1>           |   17.457|
b<10>          |r<2>           |   17.459|
b<10>          |r<3>           |   17.448|
b<10>          |r<4>           |   17.415|
b<10>          |r<5>           |   17.406|
b<10>          |r<6>           |   17.419|
b<10>          |r<7>           |   17.424|
b<10>          |r<8>           |   17.445|
b<10>          |r<9>           |   17.446|
b<10>          |r<10>          |   17.303|
b<10>          |r<11>          |   17.310|
b<10>          |r<12>          |   17.567|
b<10>          |r<13>          |   17.581|
b<10>          |r<14>          |   17.583|
b<10>          |r<15>          |   17.568|
b<10>          |r<16>          |   17.694|
b<10>          |r<17>          |   17.707|
b<10>          |r<18>          |   17.545|
b<10>          |r<19>          |   17.546|
b<10>          |r<20>          |   17.392|
b<10>          |r<21>          |   17.403|
b<10>          |r<22>          |   17.266|
b<10>          |r<23>          |   17.258|
b<10>          |r<24>          |   16.789|
b<10>          |r<25>          |   18.953|
b<10>          |r<26>          |   16.781|
b<10>          |r<27>          |   16.792|
b<10>          |r<28>          |   16.914|
b<10>          |r<29>          |   19.002|
b<10>          |r<30>          |   17.830|
b<10>          |r<31>          |   16.372|
b<11>          |r<0>           |   17.783|
b<11>          |r<1>           |   17.776|
b<11>          |r<2>           |   17.778|
b<11>          |r<3>           |   17.767|
b<11>          |r<4>           |   17.734|
b<11>          |r<5>           |   17.725|
b<11>          |r<6>           |   17.738|
b<11>          |r<7>           |   17.743|
b<11>          |r<8>           |   17.764|
b<11>          |r<9>           |   17.765|
b<11>          |r<10>          |   17.622|
b<11>          |r<11>          |   17.629|
b<11>          |r<12>          |   17.886|
b<11>          |r<13>          |   17.900|
b<11>          |r<14>          |   17.902|
b<11>          |r<15>          |   17.887|
b<11>          |r<16>          |   18.013|
b<11>          |r<17>          |   18.026|
b<11>          |r<18>          |   17.864|
b<11>          |r<19>          |   17.865|
b<11>          |r<20>          |   17.711|
b<11>          |r<21>          |   17.722|
b<11>          |r<22>          |   17.585|
b<11>          |r<23>          |   17.577|
b<11>          |r<24>          |   17.108|
b<11>          |r<25>          |   19.272|
b<11>          |r<26>          |   17.100|
b<11>          |r<27>          |   17.111|
b<11>          |r<28>          |   17.233|
b<11>          |r<29>          |   19.321|
b<11>          |r<30>          |   18.149|
b<11>          |r<31>          |   16.691|
b<12>          |r<0>           |   17.473|
b<12>          |r<1>           |   17.466|
b<12>          |r<2>           |   17.468|
b<12>          |r<3>           |   17.457|
b<12>          |r<4>           |   17.424|
b<12>          |r<5>           |   17.415|
b<12>          |r<6>           |   17.428|
b<12>          |r<7>           |   17.433|
b<12>          |r<8>           |   17.454|
b<12>          |r<9>           |   17.455|
b<12>          |r<10>          |   17.312|
b<12>          |r<11>          |   17.319|
b<12>          |r<12>          |   17.576|
b<12>          |r<13>          |   17.590|
b<12>          |r<14>          |   17.592|
b<12>          |r<15>          |   17.577|
b<12>          |r<16>          |   17.703|
b<12>          |r<17>          |   17.716|
b<12>          |r<18>          |   17.554|
b<12>          |r<19>          |   17.555|
b<12>          |r<20>          |   17.401|
b<12>          |r<21>          |   17.412|
b<12>          |r<22>          |   17.275|
b<12>          |r<23>          |   17.267|
b<12>          |r<24>          |   16.798|
b<12>          |r<25>          |   18.962|
b<12>          |r<26>          |   16.790|
b<12>          |r<27>          |   16.801|
b<12>          |r<28>          |   16.923|
b<12>          |r<29>          |   19.011|
b<12>          |r<30>          |   17.839|
b<12>          |r<31>          |   16.381|
b<13>          |r<0>           |   17.770|
b<13>          |r<1>           |   17.763|
b<13>          |r<2>           |   17.765|
b<13>          |r<3>           |   17.754|
b<13>          |r<4>           |   17.721|
b<13>          |r<5>           |   17.712|
b<13>          |r<6>           |   17.725|
b<13>          |r<7>           |   17.730|
b<13>          |r<8>           |   17.751|
b<13>          |r<9>           |   17.752|
b<13>          |r<10>          |   17.609|
b<13>          |r<11>          |   17.616|
b<13>          |r<12>          |   17.873|
b<13>          |r<13>          |   17.887|
b<13>          |r<14>          |   17.889|
b<13>          |r<15>          |   17.874|
b<13>          |r<16>          |   18.000|
b<13>          |r<17>          |   18.013|
b<13>          |r<18>          |   17.851|
b<13>          |r<19>          |   17.852|
b<13>          |r<20>          |   17.698|
b<13>          |r<21>          |   17.709|
b<13>          |r<22>          |   17.572|
b<13>          |r<23>          |   17.564|
b<13>          |r<24>          |   17.095|
b<13>          |r<25>          |   19.259|
b<13>          |r<26>          |   17.087|
b<13>          |r<27>          |   17.098|
b<13>          |r<28>          |   17.220|
b<13>          |r<29>          |   19.308|
b<13>          |r<30>          |   18.136|
b<13>          |r<31>          |   16.678|
b<14>          |r<0>           |   17.695|
b<14>          |r<1>           |   17.688|
b<14>          |r<2>           |   17.690|
b<14>          |r<3>           |   17.679|
b<14>          |r<4>           |   17.646|
b<14>          |r<5>           |   17.637|
b<14>          |r<6>           |   17.650|
b<14>          |r<7>           |   17.655|
b<14>          |r<8>           |   17.676|
b<14>          |r<9>           |   17.677|
b<14>          |r<10>          |   17.534|
b<14>          |r<11>          |   17.541|
b<14>          |r<12>          |   17.798|
b<14>          |r<13>          |   17.812|
b<14>          |r<14>          |   17.814|
b<14>          |r<15>          |   17.799|
b<14>          |r<16>          |   17.925|
b<14>          |r<17>          |   17.938|
b<14>          |r<18>          |   17.776|
b<14>          |r<19>          |   17.777|
b<14>          |r<20>          |   17.623|
b<14>          |r<21>          |   17.634|
b<14>          |r<22>          |   17.497|
b<14>          |r<23>          |   17.489|
b<14>          |r<24>          |   17.020|
b<14>          |r<25>          |   19.184|
b<14>          |r<26>          |   17.012|
b<14>          |r<27>          |   17.023|
b<14>          |r<28>          |   17.145|
b<14>          |r<29>          |   19.233|
b<14>          |r<30>          |   18.061|
b<14>          |r<31>          |   16.603|
b<15>          |r<0>           |   17.769|
b<15>          |r<1>           |   17.762|
b<15>          |r<2>           |   17.764|
b<15>          |r<3>           |   17.753|
b<15>          |r<4>           |   17.720|
b<15>          |r<5>           |   17.711|
b<15>          |r<6>           |   17.724|
b<15>          |r<7>           |   17.729|
b<15>          |r<8>           |   17.750|
b<15>          |r<9>           |   17.751|
b<15>          |r<10>          |   17.608|
b<15>          |r<11>          |   17.615|
b<15>          |r<12>          |   17.872|
b<15>          |r<13>          |   17.886|
b<15>          |r<14>          |   17.888|
b<15>          |r<15>          |   17.873|
b<15>          |r<16>          |   17.999|
b<15>          |r<17>          |   18.012|
b<15>          |r<18>          |   17.850|
b<15>          |r<19>          |   17.851|
b<15>          |r<20>          |   17.697|
b<15>          |r<21>          |   17.708|
b<15>          |r<22>          |   17.571|
b<15>          |r<23>          |   17.563|
b<15>          |r<24>          |   17.094|
b<15>          |r<25>          |   19.258|
b<15>          |r<26>          |   17.086|
b<15>          |r<27>          |   17.097|
b<15>          |r<28>          |   17.219|
b<15>          |r<29>          |   19.307|
b<15>          |r<30>          |   18.135|
b<15>          |r<31>          |   16.677|
b<16>          |r<0>           |   17.821|
b<16>          |r<1>           |   17.814|
b<16>          |r<2>           |   17.816|
b<16>          |r<3>           |   17.805|
b<16>          |r<4>           |   17.772|
b<16>          |r<5>           |   17.763|
b<16>          |r<6>           |   17.776|
b<16>          |r<7>           |   17.781|
b<16>          |r<8>           |   17.802|
b<16>          |r<9>           |   17.803|
b<16>          |r<10>          |   17.660|
b<16>          |r<11>          |   17.667|
b<16>          |r<12>          |   17.924|
b<16>          |r<13>          |   17.938|
b<16>          |r<14>          |   17.940|
b<16>          |r<15>          |   17.925|
b<16>          |r<16>          |   18.051|
b<16>          |r<17>          |   18.064|
b<16>          |r<18>          |   17.902|
b<16>          |r<19>          |   17.903|
b<16>          |r<20>          |   17.749|
b<16>          |r<21>          |   17.760|
b<16>          |r<22>          |   17.623|
b<16>          |r<23>          |   17.615|
b<16>          |r<24>          |   17.146|
b<16>          |r<25>          |   19.310|
b<16>          |r<26>          |   17.138|
b<16>          |r<27>          |   17.149|
b<16>          |r<28>          |   17.271|
b<16>          |r<29>          |   19.359|
b<16>          |r<30>          |   18.187|
b<16>          |r<31>          |   16.729|
b<17>          |r<0>           |   14.865|
b<17>          |r<1>           |   14.858|
b<17>          |r<2>           |   14.860|
b<17>          |r<3>           |   14.849|
b<17>          |r<4>           |   14.816|
b<17>          |r<5>           |   14.807|
b<17>          |r<6>           |   14.820|
b<17>          |r<7>           |   14.825|
b<17>          |r<8>           |   14.846|
b<17>          |r<9>           |   14.847|
b<17>          |r<10>          |   14.704|
b<17>          |r<11>          |   14.711|
b<17>          |r<12>          |   14.968|
b<17>          |r<13>          |   14.982|
b<17>          |r<14>          |   14.984|
b<17>          |r<15>          |   14.969|
b<17>          |r<16>          |   15.095|
b<17>          |r<17>          |   15.108|
b<17>          |r<18>          |   14.946|
b<17>          |r<19>          |   14.947|
b<17>          |r<20>          |   14.793|
b<17>          |r<21>          |   14.804|
b<17>          |r<22>          |   14.667|
b<17>          |r<23>          |   14.659|
b<17>          |r<24>          |   14.190|
b<17>          |r<25>          |   16.354|
b<17>          |r<26>          |   14.182|
b<17>          |r<27>          |   14.193|
b<17>          |r<28>          |   14.315|
b<17>          |r<29>          |   16.403|
b<17>          |r<30>          |   15.231|
b<17>          |r<31>          |   13.773|
b<18>          |r<0>           |   14.468|
b<18>          |r<1>           |   14.461|
b<18>          |r<2>           |   14.463|
b<18>          |r<3>           |   14.452|
b<18>          |r<4>           |   14.419|
b<18>          |r<5>           |   14.410|
b<18>          |r<6>           |   14.423|
b<18>          |r<7>           |   14.428|
b<18>          |r<8>           |   14.449|
b<18>          |r<9>           |   14.450|
b<18>          |r<10>          |   14.307|
b<18>          |r<11>          |   14.314|
b<18>          |r<12>          |   14.571|
b<18>          |r<13>          |   14.585|
b<18>          |r<14>          |   14.587|
b<18>          |r<15>          |   14.572|
b<18>          |r<16>          |   14.698|
b<18>          |r<17>          |   14.711|
b<18>          |r<18>          |   14.549|
b<18>          |r<19>          |   14.550|
b<18>          |r<20>          |   14.396|
b<18>          |r<21>          |   14.407|
b<18>          |r<22>          |   14.270|
b<18>          |r<23>          |   14.262|
b<18>          |r<24>          |   13.793|
b<18>          |r<25>          |   15.957|
b<18>          |r<26>          |   13.785|
b<18>          |r<27>          |   13.796|
b<18>          |r<28>          |   13.918|
b<18>          |r<29>          |   16.006|
b<18>          |r<30>          |   14.834|
b<18>          |r<31>          |   13.376|
b<19>          |r<0>           |   14.299|
b<19>          |r<1>           |   14.292|
b<19>          |r<2>           |   14.294|
b<19>          |r<3>           |   14.283|
b<19>          |r<4>           |   14.250|
b<19>          |r<5>           |   14.241|
b<19>          |r<6>           |   14.254|
b<19>          |r<7>           |   14.259|
b<19>          |r<8>           |   14.280|
b<19>          |r<9>           |   14.281|
b<19>          |r<10>          |   14.138|
b<19>          |r<11>          |   14.145|
b<19>          |r<12>          |   14.402|
b<19>          |r<13>          |   14.416|
b<19>          |r<14>          |   14.418|
b<19>          |r<15>          |   14.403|
b<19>          |r<16>          |   14.529|
b<19>          |r<17>          |   14.542|
b<19>          |r<18>          |   14.380|
b<19>          |r<19>          |   14.381|
b<19>          |r<20>          |   14.227|
b<19>          |r<21>          |   14.238|
b<19>          |r<22>          |   14.101|
b<19>          |r<23>          |   14.093|
b<19>          |r<24>          |   13.624|
b<19>          |r<25>          |   15.788|
b<19>          |r<26>          |   13.616|
b<19>          |r<27>          |   13.627|
b<19>          |r<28>          |   13.749|
b<19>          |r<29>          |   15.837|
b<19>          |r<30>          |   14.665|
b<19>          |r<31>          |   13.207|
b<20>          |r<0>           |   14.439|
b<20>          |r<1>           |   14.432|
b<20>          |r<2>           |   14.434|
b<20>          |r<3>           |   14.423|
b<20>          |r<4>           |   14.390|
b<20>          |r<5>           |   14.381|
b<20>          |r<6>           |   14.394|
b<20>          |r<7>           |   14.399|
b<20>          |r<8>           |   14.420|
b<20>          |r<9>           |   14.421|
b<20>          |r<10>          |   14.278|
b<20>          |r<11>          |   14.285|
b<20>          |r<12>          |   14.542|
b<20>          |r<13>          |   14.556|
b<20>          |r<14>          |   14.558|
b<20>          |r<15>          |   14.543|
b<20>          |r<16>          |   14.669|
b<20>          |r<17>          |   14.682|
b<20>          |r<18>          |   14.520|
b<20>          |r<19>          |   14.521|
b<20>          |r<20>          |   14.367|
b<20>          |r<21>          |   14.378|
b<20>          |r<22>          |   14.241|
b<20>          |r<23>          |   14.233|
b<20>          |r<24>          |   13.764|
b<20>          |r<25>          |   15.928|
b<20>          |r<26>          |   13.756|
b<20>          |r<27>          |   13.767|
b<20>          |r<28>          |   13.889|
b<20>          |r<29>          |   15.977|
b<20>          |r<30>          |   14.805|
b<20>          |r<31>          |   13.347|
b<21>          |r<0>           |   14.709|
b<21>          |r<1>           |   14.702|
b<21>          |r<2>           |   14.704|
b<21>          |r<3>           |   14.693|
b<21>          |r<4>           |   14.660|
b<21>          |r<5>           |   14.651|
b<21>          |r<6>           |   14.664|
b<21>          |r<7>           |   14.669|
b<21>          |r<8>           |   14.690|
b<21>          |r<9>           |   14.691|
b<21>          |r<10>          |   14.548|
b<21>          |r<11>          |   14.555|
b<21>          |r<12>          |   14.812|
b<21>          |r<13>          |   14.826|
b<21>          |r<14>          |   14.828|
b<21>          |r<15>          |   14.813|
b<21>          |r<16>          |   14.939|
b<21>          |r<17>          |   14.952|
b<21>          |r<18>          |   14.790|
b<21>          |r<19>          |   14.791|
b<21>          |r<20>          |   14.637|
b<21>          |r<21>          |   14.648|
b<21>          |r<22>          |   14.511|
b<21>          |r<23>          |   14.503|
b<21>          |r<24>          |   14.034|
b<21>          |r<25>          |   16.198|
b<21>          |r<26>          |   14.026|
b<21>          |r<27>          |   14.037|
b<21>          |r<28>          |   14.159|
b<21>          |r<29>          |   16.247|
b<21>          |r<30>          |   15.075|
b<21>          |r<31>          |   13.617|
b<22>          |r<0>           |   14.691|
b<22>          |r<1>           |   14.684|
b<22>          |r<2>           |   14.686|
b<22>          |r<3>           |   14.675|
b<22>          |r<4>           |   14.642|
b<22>          |r<5>           |   14.633|
b<22>          |r<6>           |   14.646|
b<22>          |r<7>           |   14.651|
b<22>          |r<8>           |   14.672|
b<22>          |r<9>           |   14.673|
b<22>          |r<10>          |   14.530|
b<22>          |r<11>          |   14.537|
b<22>          |r<12>          |   14.794|
b<22>          |r<13>          |   14.808|
b<22>          |r<14>          |   14.810|
b<22>          |r<15>          |   14.795|
b<22>          |r<16>          |   14.921|
b<22>          |r<17>          |   14.934|
b<22>          |r<18>          |   14.772|
b<22>          |r<19>          |   14.773|
b<22>          |r<20>          |   14.619|
b<22>          |r<21>          |   14.630|
b<22>          |r<22>          |   14.493|
b<22>          |r<23>          |   14.485|
b<22>          |r<24>          |   14.016|
b<22>          |r<25>          |   16.180|
b<22>          |r<26>          |   14.008|
b<22>          |r<27>          |   14.019|
b<22>          |r<28>          |   14.141|
b<22>          |r<29>          |   16.229|
b<22>          |r<30>          |   15.057|
b<22>          |r<31>          |   13.599|
b<23>          |r<0>           |   14.276|
b<23>          |r<1>           |   14.269|
b<23>          |r<2>           |   14.271|
b<23>          |r<3>           |   14.260|
b<23>          |r<4>           |   14.227|
b<23>          |r<5>           |   14.218|
b<23>          |r<6>           |   14.231|
b<23>          |r<7>           |   14.236|
b<23>          |r<8>           |   14.257|
b<23>          |r<9>           |   14.258|
b<23>          |r<10>          |   14.115|
b<23>          |r<11>          |   14.122|
b<23>          |r<12>          |   14.379|
b<23>          |r<13>          |   14.393|
b<23>          |r<14>          |   14.395|
b<23>          |r<15>          |   14.380|
b<23>          |r<16>          |   14.506|
b<23>          |r<17>          |   14.519|
b<23>          |r<18>          |   14.357|
b<23>          |r<19>          |   14.358|
b<23>          |r<20>          |   14.204|
b<23>          |r<21>          |   14.215|
b<23>          |r<22>          |   14.078|
b<23>          |r<23>          |   14.070|
b<23>          |r<24>          |   13.601|
b<23>          |r<25>          |   15.765|
b<23>          |r<26>          |   13.593|
b<23>          |r<27>          |   13.604|
b<23>          |r<28>          |   13.726|
b<23>          |r<29>          |   15.814|
b<23>          |r<30>          |   14.642|
b<23>          |r<31>          |   13.184|
b<24>          |r<0>           |   14.733|
b<24>          |r<1>           |   14.726|
b<24>          |r<2>           |   14.728|
b<24>          |r<3>           |   14.717|
b<24>          |r<4>           |   14.684|
b<24>          |r<5>           |   14.675|
b<24>          |r<6>           |   14.688|
b<24>          |r<7>           |   14.693|
b<24>          |r<8>           |   14.714|
b<24>          |r<9>           |   14.715|
b<24>          |r<10>          |   14.572|
b<24>          |r<11>          |   14.579|
b<24>          |r<12>          |   14.836|
b<24>          |r<13>          |   14.850|
b<24>          |r<14>          |   14.852|
b<24>          |r<15>          |   14.837|
b<24>          |r<16>          |   14.963|
b<24>          |r<17>          |   14.976|
b<24>          |r<18>          |   14.814|
b<24>          |r<19>          |   14.815|
b<24>          |r<20>          |   14.661|
b<24>          |r<21>          |   14.672|
b<24>          |r<22>          |   14.535|
b<24>          |r<23>          |   14.527|
b<24>          |r<24>          |   14.058|
b<24>          |r<25>          |   16.222|
b<24>          |r<26>          |   14.050|
b<24>          |r<27>          |   14.061|
b<24>          |r<28>          |   14.183|
b<24>          |r<29>          |   16.271|
b<24>          |r<30>          |   15.099|
b<24>          |r<31>          |   13.641|
b<25>          |r<0>           |   14.311|
b<25>          |r<1>           |   14.304|
b<25>          |r<2>           |   14.306|
b<25>          |r<3>           |   14.295|
b<25>          |r<4>           |   14.262|
b<25>          |r<5>           |   14.253|
b<25>          |r<6>           |   14.266|
b<25>          |r<7>           |   14.271|
b<25>          |r<8>           |   14.292|
b<25>          |r<9>           |   14.293|
b<25>          |r<10>          |   14.150|
b<25>          |r<11>          |   14.157|
b<25>          |r<12>          |   14.414|
b<25>          |r<13>          |   14.428|
b<25>          |r<14>          |   14.430|
b<25>          |r<15>          |   14.415|
b<25>          |r<16>          |   14.541|
b<25>          |r<17>          |   14.554|
b<25>          |r<18>          |   14.392|
b<25>          |r<19>          |   14.393|
b<25>          |r<20>          |   14.239|
b<25>          |r<21>          |   14.250|
b<25>          |r<22>          |   14.113|
b<25>          |r<23>          |   14.105|
b<25>          |r<24>          |   13.636|
b<25>          |r<25>          |   15.800|
b<25>          |r<26>          |   13.628|
b<25>          |r<27>          |   13.639|
b<25>          |r<28>          |   13.761|
b<25>          |r<29>          |   15.849|
b<25>          |r<30>          |   14.677|
b<25>          |r<31>          |   13.219|
b<26>          |r<0>           |   14.532|
b<26>          |r<1>           |   14.525|
b<26>          |r<2>           |   14.527|
b<26>          |r<3>           |   14.516|
b<26>          |r<4>           |   14.483|
b<26>          |r<5>           |   14.474|
b<26>          |r<6>           |   14.487|
b<26>          |r<7>           |   14.492|
b<26>          |r<8>           |   14.513|
b<26>          |r<9>           |   14.514|
b<26>          |r<10>          |   14.371|
b<26>          |r<11>          |   14.378|
b<26>          |r<12>          |   14.635|
b<26>          |r<13>          |   14.649|
b<26>          |r<14>          |   14.651|
b<26>          |r<15>          |   14.636|
b<26>          |r<16>          |   14.762|
b<26>          |r<17>          |   14.775|
b<26>          |r<18>          |   14.613|
b<26>          |r<19>          |   14.614|
b<26>          |r<20>          |   14.460|
b<26>          |r<21>          |   14.471|
b<26>          |r<22>          |   14.334|
b<26>          |r<23>          |   14.326|
b<26>          |r<24>          |   13.857|
b<26>          |r<25>          |   16.021|
b<26>          |r<26>          |   13.849|
b<26>          |r<27>          |   13.860|
b<26>          |r<28>          |   13.982|
b<26>          |r<29>          |   16.070|
b<26>          |r<30>          |   14.898|
b<26>          |r<31>          |   13.440|
b<27>          |r<0>           |   14.498|
b<27>          |r<1>           |   14.491|
b<27>          |r<2>           |   14.493|
b<27>          |r<3>           |   14.482|
b<27>          |r<4>           |   14.449|
b<27>          |r<5>           |   14.440|
b<27>          |r<6>           |   14.453|
b<27>          |r<7>           |   14.458|
b<27>          |r<8>           |   14.479|
b<27>          |r<9>           |   14.480|
b<27>          |r<10>          |   14.337|
b<27>          |r<11>          |   14.344|
b<27>          |r<12>          |   14.601|
b<27>          |r<13>          |   14.615|
b<27>          |r<14>          |   14.617|
b<27>          |r<15>          |   14.602|
b<27>          |r<16>          |   14.728|
b<27>          |r<17>          |   14.741|
b<27>          |r<18>          |   14.579|
b<27>          |r<19>          |   14.580|
b<27>          |r<20>          |   14.426|
b<27>          |r<21>          |   14.437|
b<27>          |r<22>          |   14.300|
b<27>          |r<23>          |   14.292|
b<27>          |r<24>          |   13.823|
b<27>          |r<25>          |   15.987|
b<27>          |r<26>          |   13.815|
b<27>          |r<27>          |   13.826|
b<27>          |r<28>          |   13.948|
b<27>          |r<29>          |   16.036|
b<27>          |r<30>          |   14.864|
b<27>          |r<31>          |   13.406|
b<28>          |r<0>           |   15.050|
b<28>          |r<1>           |   15.043|
b<28>          |r<2>           |   15.045|
b<28>          |r<3>           |   15.034|
b<28>          |r<4>           |   15.001|
b<28>          |r<5>           |   14.992|
b<28>          |r<6>           |   15.005|
b<28>          |r<7>           |   15.010|
b<28>          |r<8>           |   15.031|
b<28>          |r<9>           |   15.032|
b<28>          |r<10>          |   14.889|
b<28>          |r<11>          |   14.896|
b<28>          |r<12>          |   15.153|
b<28>          |r<13>          |   15.167|
b<28>          |r<14>          |   15.169|
b<28>          |r<15>          |   15.154|
b<28>          |r<16>          |   15.280|
b<28>          |r<17>          |   15.293|
b<28>          |r<18>          |   15.131|
b<28>          |r<19>          |   15.132|
b<28>          |r<20>          |   14.978|
b<28>          |r<21>          |   14.989|
b<28>          |r<22>          |   14.852|
b<28>          |r<23>          |   14.844|
b<28>          |r<24>          |   14.375|
b<28>          |r<25>          |   16.539|
b<28>          |r<26>          |   14.367|
b<28>          |r<27>          |   14.378|
b<28>          |r<28>          |   14.500|
b<28>          |r<29>          |   16.588|
b<28>          |r<30>          |   15.416|
b<28>          |r<31>          |   13.958|
b<29>          |r<0>           |   14.467|
b<29>          |r<1>           |   14.460|
b<29>          |r<2>           |   14.462|
b<29>          |r<3>           |   14.451|
b<29>          |r<4>           |   14.418|
b<29>          |r<5>           |   14.409|
b<29>          |r<6>           |   14.422|
b<29>          |r<7>           |   14.427|
b<29>          |r<8>           |   14.448|
b<29>          |r<9>           |   14.449|
b<29>          |r<10>          |   14.306|
b<29>          |r<11>          |   14.313|
b<29>          |r<12>          |   14.570|
b<29>          |r<13>          |   14.584|
b<29>          |r<14>          |   14.586|
b<29>          |r<15>          |   14.571|
b<29>          |r<16>          |   14.697|
b<29>          |r<17>          |   14.710|
b<29>          |r<18>          |   14.548|
b<29>          |r<19>          |   14.549|
b<29>          |r<20>          |   14.395|
b<29>          |r<21>          |   14.406|
b<29>          |r<22>          |   14.269|
b<29>          |r<23>          |   14.261|
b<29>          |r<24>          |   13.792|
b<29>          |r<25>          |   15.956|
b<29>          |r<26>          |   13.784|
b<29>          |r<27>          |   13.795|
b<29>          |r<28>          |   13.917|
b<29>          |r<29>          |   16.005|
b<29>          |r<30>          |   14.833|
b<29>          |r<31>          |   13.375|
b<30>          |r<0>           |   14.431|
b<30>          |r<1>           |   14.424|
b<30>          |r<2>           |   14.426|
b<30>          |r<3>           |   14.415|
b<30>          |r<4>           |   14.382|
b<30>          |r<5>           |   14.373|
b<30>          |r<6>           |   14.386|
b<30>          |r<7>           |   14.391|
b<30>          |r<8>           |   14.412|
b<30>          |r<9>           |   14.413|
b<30>          |r<10>          |   14.270|
b<30>          |r<11>          |   14.277|
b<30>          |r<12>          |   14.534|
b<30>          |r<13>          |   14.548|
b<30>          |r<14>          |   14.550|
b<30>          |r<15>          |   14.535|
b<30>          |r<16>          |   14.661|
b<30>          |r<17>          |   14.674|
b<30>          |r<18>          |   14.512|
b<30>          |r<19>          |   14.513|
b<30>          |r<20>          |   14.359|
b<30>          |r<21>          |   14.370|
b<30>          |r<22>          |   14.233|
b<30>          |r<23>          |   14.225|
b<30>          |r<24>          |   13.756|
b<30>          |r<25>          |   15.920|
b<30>          |r<26>          |   13.748|
b<30>          |r<27>          |   13.759|
b<30>          |r<28>          |   13.881|
b<30>          |r<29>          |   15.969|
b<30>          |r<30>          |   14.797|
b<30>          |r<31>          |   13.339|
b<31>          |r<0>           |   15.101|
b<31>          |r<1>           |   15.094|
b<31>          |r<2>           |   15.096|
b<31>          |r<3>           |   15.085|
b<31>          |r<4>           |   15.052|
b<31>          |r<5>           |   15.043|
b<31>          |r<6>           |   15.056|
b<31>          |r<7>           |   15.061|
b<31>          |r<8>           |   15.082|
b<31>          |r<9>           |   15.083|
b<31>          |r<10>          |   14.940|
b<31>          |r<11>          |   14.947|
b<31>          |r<12>          |   15.204|
b<31>          |r<13>          |   15.218|
b<31>          |r<14>          |   15.220|
b<31>          |r<15>          |   15.205|
b<31>          |r<16>          |   15.331|
b<31>          |r<17>          |   15.344|
b<31>          |r<18>          |   15.182|
b<31>          |r<19>          |   15.183|
b<31>          |r<20>          |   15.029|
b<31>          |r<21>          |   15.040|
b<31>          |r<22>          |   14.903|
b<31>          |r<23>          |   14.895|
b<31>          |r<24>          |   14.426|
b<31>          |r<25>          |   16.590|
b<31>          |r<26>          |   14.418|
b<31>          |r<27>          |   14.429|
b<31>          |r<28>          |   14.551|
b<31>          |r<29>          |   16.639|
b<31>          |r<30>          |   15.467|
b<31>          |r<31>          |   14.009|
---------------+---------------+---------+


Analysis completed Sun Jan  6 19:22:29 2019 
--------------------------------------------------------------------------------

Trace Settings:
-------------------------
Trace Settings 

Peak Memory Usage: 516 MB



